RAM Allocation [bytes]
Variable                                                                          Address   Size
------------------------------------------------------------------------------------------------
_base_y                                                                           0x0262       4

EEPROM Allocation [bytes]
Variable                                                                          Address   Size
------------------------------------------------------------------------------------------------

Register Allocation
Variable                                                                          Register  Size
------------------------------------------------------------------------------------------------
_lcd_x                                                                            R5           1
_lcd_y                                                                            R4           1
_lcd_maxx                                                                         R7           1

FLASH Allocation [words]
Function                                                                          Address   Size
------------------------------------------------------------------------------------------------
main                                                                              0x00060     35
_lcd_write_nibble_G100                                                            0x00083     20
_lcd_write_data                                                                   0x00097     12
lcd_gotoxy                                                                        0x000A3     13
lcd_clear                                                                         0x000B0     18
lcd_putchar                                                                       0x000C2     21
lcd_puts                                                                          0x000D7     17
lcd_init                                                                          0x000E8     58
